// Jest Snapshot v1, https://goo.gl/fbAQLP

exports[`должен отрисовать видеоплеер 1`] = `<video />`;
