// Jest Snapshot v1, https://goo.gl/fbAQLP

exports[`Private-route-test should render private-route 1`] = `null`;
