// Jest Snapshot v1, https://goo.gl/fbAQLP

exports[`withActiveTabs Test should render withActiveTabs 1`] = `<div />`;
