// Jest Snapshot v1, https://goo.gl/fbAQLP

exports[`should render control-btn-list 1`] = `
Array [
  <a
    className="btn btn--play movie-card__button"
    href="/player/"
    onClick={[Function]}
    type="button"
  >
    <svg
      height="19"
      viewBox="0 0 19 19"
      width="19"
    >
      <use
        xlinkHref="#play-s"
      />
    </svg>
    <span>
      Play
    </span>
  </a>,
  <button
    className="btn btn--list movie-card__button"
    onClick={[Function]}
    type="button"
  >
    <svg
      height="20"
      viewBox="0 0 19 20"
      width="19"
    >
      <use
        xlinkHref="#add"
      />
    </svg>
    <span>
      My list
    </span>
  </button>,
]
`;
