// Jest Snapshot v1, https://goo.gl/fbAQLP

exports[`should render genres-list 1`] = `
<ul
  className="catalog__genres-list"
/>
`;
