// Jest Snapshot v1, https://goo.gl/fbAQLP

exports[`renderApp 1`] = `null`;
