// Jest Snapshot v1, https://goo.gl/fbAQLP

exports[`withCountFilms Test should render withCountFilms 1`] = `<div />`;
